 (PROGRAM)
  ├─ (VAR_DECL x)
  |  ├─ (TYPE int)
  |  ├─ (10)
  ├─ (VAR_DECL y)
  |  ├─ (TYPE int)
  |  ├─ (3)
  ├─ (VAR_DECL sum)
  |  ├─ (TYPE int)
  |  ├─ (0)
  ├─ (VAR_DECL flag)
  |  ├─ (TYPE bool)
  |  ├─ (true)
  ├─ (FUNC_DECL add)
  |  ├─ (TYPE int)
  |  ├─ (PARAM a)
  |  |  ├─ (TYPE int)
  |  ├─ (PARAM b)
  |     ├─ (TYPE int)
  |  ├─ (BLOCK)
  |     ├─ (RETURN)
  |        ├─ (+)
  |        |  ├─ (a)
  |        |  ├─ (b)
  ├─ (FUNC_DECL isPositive)
  |  ├─ (TYPE bool)
  |  ├─ (PARAM n)
  |     ├─ (TYPE int)
  |  ├─ (BLOCK)
  |     ├─ (RETURN)
  |        ├─ (>)
  |        |  ├─ (n)
  |        |  ├─ (0)
  ├─ (FUNC_DECL factorial)
  |  ├─ (TYPE int)
  |  ├─ (PARAM n)
  |     ├─ (TYPE int)
  |  ├─ (BLOCK)
  |     ├─ (VAR_DECL acc)
  |     |  ├─ (TYPE int)
  |     |  ├─ (1)
  |     ├─ (VAR_DECL i)
  |     |  ├─ (TYPE int)
  |     |  ├─ (1)
  |     ├─ (WHILE)
  |     |  ├─ (<=)
  |     |  |  ├─ (i)
  |     |  |  ├─ (n)
  |     |  ├─ (BLOCK)
  |     |  |  ├─ (=)
  |     |  |  |  ├─ (acc)
  |     |  |  |  ├─ (*)
  |     |  |  |  |  ├─ (acc)
  |     |  |  |  |  ├─ (i)
  |     |  |  ├─ (+=)
  |     |  |     ├─ (i)
  |     |  |     ├─ (1)
  |     ├─ (RETURN)
  |        ├─ (acc)
  ├─ (=)
  |  ├─ (sum)
  |  ├─ (CALL)
  |     ├─ (add)
  |     ├─ (x)
  |     ├─ (y)
  ├─ (=)
  |  ├─ (flag)
  |  ├─ (CALL)
  |     ├─ (isPositive)
  |     ├─ (sum)
  ├─ (IF)
  |  ├─ (flag)
  |  ├─ (BLOCK)
  |     ├─ (+=)
  |        ├─ (sum)
  |        ├─ (1)
  ├─ (VAR_DECL i)
  |  ├─ (TYPE int)
  |  ├─ (0)
  ├─ (FOR)
  |  ├─ (VAR_DECL i)
  |     ├─ (TYPE int)
  |     ├─ (0)
  |  ├─ (<)
  |     ├─ (i)
  |     ├─ (5)
  |  ├─ (+=)
  |     ├─ (i)
  |     ├─ (1)
  |  ├─ (BLOCK)
  |     ├─ (+=)
  |        ├─ (x)
  |        ├─ (i)
  ├─ (VAR_DECL fat)
  |  ├─ (TYPE int)
  |  ├─ (CALL)
  |     ├─ (factorial)
  |     ├─ (5)
  ├─ (EXPR_STMT)
     ├─ (CALL)
        ├─ (printInt)
        ├─ ("aaaaa")
