 (PROGRAM)
  ├─ (FUNC_DECL main)
     ├─ (TYPE int)
     ├─ (BLOCK)
     |  ├─ (VAR_DECL x)
     |  |  ├─ (TYPE int)
     |  |  ├─ (UNARY)
     |  |  |  ├─ (1)
     |  ├─ (WHILE)
     |  |  ├─ (true)
     |  |  ├─ (BLOCK)
     |  |  |  ├─ (IF)
     |  |  |  |  ├─ (<)
     |  |  |  |  |  ├─ (x)
     |  |  |  |  |  ├─ (0)
     |  |  |  |  ├─ (BLOCK)
     |  |  |  |  |  ├─ (BREAK)
     |  |  |  ├─ (CONTINUE)
     |  ├─ (FOR)
     |  |  ├─ (VAR_DECL i)
     |  |  |  ├─ (TYPE int)
     |  |  |  ├─ (0)
     |  |  ├─ (<)
     |  |  |  ├─ (i)
     |  |  |  ├─ (3)
     |  |  ├─ (+=)
     |  |  |  ├─ (i)
     |  |  |  ├─ (1)
     |  |  ├─ (BLOCK)
     |  |  |  ├─ (+=)
     |  |  |  |  ├─ (x)
     |  |  |  |  ├─ (UNARY)
     |  |  |  |  |  ├─ (i)
     |  |  |  ├─ (CONTINUE)
     |  ├─ (RETURN)
     |     ├─ (0)
