IDENTIFIER x
DOUBLE_COLON ::
TYPE_INT int
ASSIGN =
NUMBER 10
SEMICOLON ;
IDENTIFIER flag
DOUBLE_COLON ::
TYPE_BOOL bool
ASSIGN =
BOOL true
SEMICOLON ;
KW_FOR for
LPAREN (
IDENTIFIER i
DOUBLE_COLON ::
TYPE_INT int
ASSIGN =
NUMBER 0
SEMICOLON ;
IDENTIFIER i
LT <
NUMBER 3
SEMICOLON ;
IDENTIFIER i
PLUS_ASSIGN +=
NUMBER 1
RPAREN )
LBRACE {
IDENTIFIER printInt
LPAREN (
IDENTIFIER i
RPAREN )
SEMICOLON ;
RBRACE }
